// Jest Snapshot v1, https://goo.gl/fbAQLP

exports[`renders the MVP notice card 1`] = `
<View
  style={
    [
      {
        "borderRadius": 12,
        "padding": 16,
      },
      {
        "backgroundColor": "#EEF2FF",
      },
    ]
  }
>
  <Text
    style={
      [
        {
          "fontWeight": "600",
          "marginBottom": 6,
        },
        {
          "color": "#312E81",
        },
      ]
    }
    variant="titleSmall"
  >
    Local Demo
  </Text>
  <Text
    style={
      {
        "color": "#3C3C43",
      }
    }
    variant="bodyMedium"
  >
    Runs without cloud sync.
  </Text>
</View>
`;
